failed to load config from D:\traffice_new\frontend\vite.config.ts
error when starting dev server:
Error: Build failed with 1 error:

[plugin externalize-deps]
Error: spawn EPERM
    at ChildProcess.spawn (node:internal/child_process:420:11)
    at spawn (node:child_process:753:9)
    at Object.execFile (node:child_process:346:17)
    at exec (node:child_process:233:25)
    at optimizeSafeRealPathSync (file:///D:/traffice_new/frontend/node_modules/vite/dist/node/chunks/node.js:2497:2)
    at windowsSafeRealPathSync (file:///D:/traffice_new/frontend/node_modules/vite/dist/node/chunks/node.js:2483:3)
    at getRealPath (file:///D:/traffice_new/frontend/node_modules/vite/dist/node/chunks/node.js:33260:36)
    at tryResolveRealFileOrType (file:///D:/traffice_new/frontend/node_modules/vite/dist/node/chunks/node.js:33254:9)
    at tryCleanFsResolve (file:///D:/traffice_new/frontend/node_modules/vite/dist/node/chunks/node.js:33003:21)
    at tryFsResolve (file:///D:/traffice_new/frontend/node_modules/vite/dist/node/chunks/node.js:32996:14)
    at aggregateBindingErrorsIntoJsError (file:///D:/traffice_new/frontend/node_modules/rolldown/dist/shared/error-BP8lJHle.mjs:48:18)
    at unwrapBindingResult (file:///D:/traffice_new/frontend/node_modules/rolldown/dist/shared/error-BP8lJHle.mjs:18:128)
    at #build (file:///D:/traffice_new/frontend/node_modules/rolldown/dist/shared/rolldown-DfXO5K1m.mjs:133:34)
    at async bundleConfigFile (file:///D:/traffice_new/frontend/node_modules/vite/dist/node/chunks/node.js:37116:17)
    at async bundleAndLoadConfigFile (file:///D:/traffice_new/frontend/node_modules/vite/dist/node/chunks/node.js:37014:18)
    at async loadConfigFromFile (file:///D:/traffice_new/frontend/node_modules/vite/dist/node/chunks/node.js:36975:42)
    at async resolveConfig (file:///D:/traffice_new/frontend/node_modules/vite/dist/node/chunks/node.js:36581:22)
    at async _createServer (file:///D:/traffice_new/frontend/node_modules/vite/dist/node/chunks/node.js:26388:65)
    at async CAC.<anonymous> (file:///D:/traffice_new/frontend/node_modules/vite/dist/node/cli.js:708:18) {
  errors: [Getter/Setter]
}
